Copyright 1986-2018 Xilinx, Inc. All Rights Reserved.
-------------------------------------------------------------------------------------------------------------------------------------------------
| Tool Version     : Vivado v.2018.3 (win64) Build 2405991 Thu Dec  6 23:38:27 MST 2018
| Date             : Sat Aug  1 23:29:22 2020
| Host             : DESKTOP-QPN994V running 64-bit major release  (build 9200)
| Command          : report_power -file HDMI_Demo_power_routed.rpt -pb HDMI_Demo_power_summary_routed.pb -rpx HDMI_Demo_power_routed.rpx
| Design           : HDMI_Demo
| Device           : xc7s15ftgb196-1
| Design State     : routed
| Grade            : commercial
| Process          : typical
| Characterization : Production
-------------------------------------------------------------------------------------------------------------------------------------------------

Power Report

Table of Contents
-----------------
1. Summary
1.1 On-Chip Components
1.2 Power Supply Summary
1.3 Confidence Level
2. Settings
2.1 Environment
2.2 Clock Constraints
3. Detailed Reports
3.1 By Hierarchy

1. Summary
----------

+--------------------------+--------------+
| Total On-Chip Power (W)  | 0.426        |
| Design Power Budget (W)  | Unspecified* |
| Power Budget Margin (W)  | NA           |
| Dynamic (W)              | 0.406        |
| Device Static (W)        | 0.020        |
| Effective TJA (C/W)      | 3.4          |
| Max Ambient (C)          | 83.6         |
| Junction Temperature (C) | 26.4         |
| Confidence Level         | Medium       |
| Setting File             | ---          |
| Simulation Activity File | ---          |
| Design Nets Matched      | NA           |
+--------------------------+--------------+
* Specify Design Power Budget using, set_operating_conditions -design_power_budget <value in Watts>


1.1 On-Chip Components
----------------------

+-------------------------+-----------+----------+-----------+-----------------+
| On-Chip                 | Power (W) | Used     | Available | Utilization (%) |
+-------------------------+-----------+----------+-----------+-----------------+
| Clocks                  |     0.011 |        9 |       --- |             --- |
| Slice Logic             |     0.005 |     1818 |       --- |             --- |
|   LUT as Shift Register |     0.002 |      640 |      2400 |           26.67 |
|   LUT as Logic          |     0.002 |      422 |      8000 |            5.28 |
|   Register              |    <0.001 |      467 |     16000 |            2.92 |
|   CARRY4                |    <0.001 |       70 |      2000 |            3.50 |
|   Others                |     0.000 |       86 |       --- |             --- |
| Signals                 |     0.007 |     1035 |       --- |             --- |
| Block RAM               |     0.003 |      7.5 |        10 |           75.00 |
| PLL                     |     0.240 |        2 |         2 |          100.00 |
| DSPs                    |     0.003 |        4 |        20 |           20.00 |
| I/O                     |     0.138 |        9 |       100 |            9.00 |
| Static Power            |     0.020 |          |           |                 |
| Total                   |     0.426 |          |           |                 |
+-------------------------+-----------+----------+-----------+-----------------+


1.2 Power Supply Summary
------------------------

+-----------+-------------+-----------+-------------+------------+
| Source    | Voltage (V) | Total (A) | Dynamic (A) | Static (A) |
+-----------+-------------+-----------+-------------+------------+
| Vccint    |       1.000 |     0.058 |       0.054 |      0.004 |
| Vccaux    |       1.800 |     0.127 |       0.120 |      0.007 |
| Vcco33    |       3.300 |     0.042 |       0.041 |      0.001 |
| Vcco25    |       2.500 |     0.000 |       0.000 |      0.000 |
| Vcco18    |       1.800 |     0.000 |       0.000 |      0.000 |
| Vcco15    |       1.500 |     0.000 |       0.000 |      0.000 |
| Vcco135   |       1.350 |     0.000 |       0.000 |      0.000 |
| Vcco12    |       1.200 |     0.000 |       0.000 |      0.000 |
| Vccaux_io |       1.800 |     0.000 |       0.000 |      0.000 |
| Vccbram   |       1.000 |     0.001 |       0.000 |      0.000 |
| Vccadc    |       1.800 |     0.000 |       0.000 |      0.000 |
+-----------+-------------+-----------+-------------+------------+


1.3 Confidence Level
--------------------

+-----------------------------+------------+------------------------------------------------+------------------------------------------------------------------------------------------------------------+
| User Input Data             | Confidence | Details                                        | Action                                                                                                     |
+-----------------------------+------------+------------------------------------------------+------------------------------------------------------------------------------------------------------------+
| Design implementation state | High       | Design is routed                               |                                                                                                            |
| Clock nodes activity        | High       | User specified more than 95% of clocks         |                                                                                                            |
| I/O nodes activity          | High       | User specified more than 95% of inputs         |                                                                                                            |
| Internal nodes activity     | Medium     | User specified less than 25% of internal nodes | Provide missing internal nodes activity with simulation results or by editing the "By Resource Type" views |
| Device models               | High       | Device models are Production                   |                                                                                                            |
|                             |            |                                                |                                                                                                            |
| Overall confidence level    | Medium     |                                                |                                                                                                            |
+-----------------------------+------------+------------------------------------------------+------------------------------------------------------------------------------------------------------------+


2. Settings
-----------

2.1 Environment
---------------

+-----------------------+--------------------------+
| Ambient Temp (C)      | 25.0                     |
| ThetaJA (C/W)         | 3.4                      |
| Airflow (LFM)         | 250                      |
| Heat Sink             | medium (Medium Profile)  |
| ThetaSA (C/W)         | 15.4                     |
| Board Selection       | medium (10"x10")         |
| # of Board Layers     | 12to15 (12 to 15 Layers) |
| Board Temperature (C) | 25.0                     |
+-----------------------+--------------------------+


2.2 Clock Constraints
---------------------

+--------------------+-------------------------------------------------+-----------------+
| Clock              | Domain                                          | Constraint (ns) |
+--------------------+-------------------------------------------------+-----------------+
| CLKFBIN            | rgb2dvi/U0/ClockGenInternal.ClockGenX/CLKFBIN   |            10.0 |
| PixelClkIO         | rgb2dvi/U0/ClockGenInternal.ClockGenX/PixelClk  |            10.0 |
| SerialClkIO        | rgb2dvi/U0/ClockGenInternal.ClockGenX/SerialClk |             2.0 |
| clk_out1_clk_wiz_0 | clk_10/inst/clk_out1_clk_wiz_0                  |            10.0 |
| clkfbout_clk_wiz_0 | clk_10/inst/clkfbout_clk_wiz_0                  |            10.0 |
| sys_clk_pin        | clk_100MHz                                      |            10.0 |
+--------------------+-------------------------------------------------+-----------------+


3. Detailed Reports
-------------------

3.1 By Hierarchy
----------------

+--------------------------------------+-----------+
| Name                                 | Power (W) |
+--------------------------------------+-----------+
| HDMI_Demo                            |     0.406 |
|   Image_Process_Edge                 |     0.014 |
|     Edge_Check0                      |     0.013 |
|       inst                           |     0.013 |
|   Video_Generator0                   |     0.008 |
|     B_ROM                            |     0.002 |
|       U0                             |     0.002 |
|     G_ROM                            |     0.002 |
|       U0                             |     0.002 |
|     R_ROM                            |     0.002 |
|       U0                             |     0.002 |
|   clk_10                             |     0.104 |
|     inst                             |     0.104 |
|   rgb2dvi                            |     0.279 |
|     U0                               |     0.279 |
|       ClockGenInternal.ClockGenX     |     0.137 |
|       ClockSerializer                |     0.034 |
|       DataEncoders[0].DataSerializer |     0.035 |
|       DataEncoders[1].DataSerializer |     0.035 |
|       DataEncoders[2].DataSerializer |     0.035 |
+--------------------------------------+-----------+


