#-----------------------------------------------------------
# Vivado v2018.3 (64-bit)
# SW Build 2405991 on Thu Dec  6 23:38:27 MST 2018
# IP Build 2404404 on Fri Dec  7 01:43:56 MST 2018
# Start of session at: Sat Aug  1 14:29:17 2020
# Process ID: 13720
# Current directory: C:/Users/mac/Desktop/拟提交文件/序列上升沿检测并输出上升沿的个数/count
# Command line: vivado.exe -gui_launcher_event rodinguilauncherevent5920 C:\Users\mac\Desktop\拟提交文件\序列上升沿检测并输出上升沿的个数\count\count.xpr
# Log file: C:/Users/mac/Desktop/拟提交文件/序列上升沿检测并输出上升沿的个数/count/vivado.log
# Journal file: C:/Users/mac/Desktop/拟提交文件/序列上升沿检测并输出上升沿的个数/count\vivado.jou
#-----------------------------------------------------------
start_gui
open_project C:/Users/mac/Desktop/拟提交文件/序列上升沿检测并输出上升沿的个数/count/count.xpr
update_compile_order -fileset sources_1
launch_simulation
source counter10_tb.tcl
restart
run all
reset_run synth_1
launch_runs synth_1
wait_on_run synth_1
reset_run synth_1
launch_runs synth_1
wait_on_run synth_1
reset_run synth_1
launch_runs synth_1
wait_on_run synth_1
reset_run synth_1
launch_runs synth_1
wait_on_run synth_1
close_sim
